Archive member included to satisfy reference by file (symbol)

C:/Users/dokoe/AppData/Local/stm32cube/bundles/gnu-tools-for-stm32/13.3.1+st.9/bin/../lib/gcc/arm-none-eabi/13.3.1/../../../../arm-none-eabi/lib/thumb/v8-m.main+fp/hard\libc.a(libc_a-exit.o)
                              C:/Users/dokoe/AppData/Local/stm32cube/bundles/gnu-tools-for-stm32/13.3.1+st.9/bin/../lib/gcc/arm-none-eabi/13.3.1/../../../../arm-none-eabi/lib/thumb/v8-m.main+fp/hard/crt0.o (exit)
C:/Users/dokoe/AppData/Local/stm32cube/bundles/gnu-tools-for-stm32/13.3.1+st.9/bin/../lib/gcc/arm-none-eabi/13.3.1/../../../../arm-none-eabi/lib/thumb/v8-m.main+fp/hard\libc.a(libc_a-findfp.o)
                              C:/Users/dokoe/AppData/Local/stm32cube/bundles/gnu-tools-for-stm32/13.3.1+st.9/bin/../lib/gcc/arm-none-eabi/13.3.1/../../../../arm-none-eabi/lib/thumb/v8-m.main+fp/hard\libc.a(libc_a-exit.o) (__stdio_exit_handler)
C:/Users/dokoe/AppData/Local/stm32cube/bundles/gnu-tools-for-stm32/13.3.1+st.9/bin/../lib/gcc/arm-none-eabi/13.3.1/../../../../arm-none-eabi/lib/thumb/v8-m.main+fp/hard\libc.a(libc_a-fwalk.o)
                              C:/Users/dokoe/AppData/Local/stm32cube/bundles/gnu-tools-for-stm32/13.3.1+st.9/bin/../lib/gcc/arm-none-eabi/13.3.1/../../../../arm-none-eabi/lib/thumb/v8-m.main+fp/hard\libc.a(libc_a-findfp.o) (_fwalk_sglue)
C:/Users/dokoe/AppData/Local/stm32cube/bundles/gnu-tools-for-stm32/13.3.1+st.9/bin/../lib/gcc/arm-none-eabi/13.3.1/../../../../arm-none-eabi/lib/thumb/v8-m.main+fp/hard\libc.a(libc_a-stdio.o)
                              C:/Users/dokoe/AppData/Local/stm32cube/bundles/gnu-tools-for-stm32/13.3.1+st.9/bin/../lib/gcc/arm-none-eabi/13.3.1/../../../../arm-none-eabi/lib/thumb/v8-m.main+fp/hard\libc.a(libc_a-findfp.o) (__sread)
C:/Users/dokoe/AppData/Local/stm32cube/bundles/gnu-tools-for-stm32/13.3.1+st.9/bin/../lib/gcc/arm-none-eabi/13.3.1/../../../../arm-none-eabi/lib/thumb/v8-m.main+fp/hard\libc.a(libc_a-memset.o)
                              C:/Users/dokoe/AppData/Local/stm32cube/bundles/gnu-tools-for-stm32/13.3.1+st.9/bin/../lib/gcc/arm-none-eabi/13.3.1/../../../../arm-none-eabi/lib/thumb/v8-m.main+fp/hard/crt0.o (memset)
C:/Users/dokoe/AppData/Local/stm32cube/bundles/gnu-tools-for-stm32/13.3.1+st.9/bin/../lib/gcc/arm-none-eabi/13.3.1/../../../../arm-none-eabi/lib/thumb/v8-m.main+fp/hard\libc.a(libc_a-closer.o)
                              C:/Users/dokoe/AppData/Local/stm32cube/bundles/gnu-tools-for-stm32/13.3.1+st.9/bin/../lib/gcc/arm-none-eabi/13.3.1/../../../../arm-none-eabi/lib/thumb/v8-m.main+fp/hard\libc.a(libc_a-stdio.o) (_close_r)
C:/Users/dokoe/AppData/Local/stm32cube/bundles/gnu-tools-for-stm32/13.3.1+st.9/bin/../lib/gcc/arm-none-eabi/13.3.1/../../../../arm-none-eabi/lib/thumb/v8-m.main+fp/hard\libc.a(libc_a-reent.o)
                              C:/Users/dokoe/AppData/Local/stm32cube/bundles/gnu-tools-for-stm32/13.3.1+st.9/bin/../lib/gcc/arm-none-eabi/13.3.1/../../../../arm-none-eabi/lib/thumb/v8-m.main+fp/hard\libc.a(libc_a-closer.o) (errno)
C:/Users/dokoe/AppData/Local/stm32cube/bundles/gnu-tools-for-stm32/13.3.1+st.9/bin/../lib/gcc/arm-none-eabi/13.3.1/../../../../arm-none-eabi/lib/thumb/v8-m.main+fp/hard\libc.a(libc_a-impure.o)
                              C:/Users/dokoe/AppData/Local/stm32cube/bundles/gnu-tools-for-stm32/13.3.1+st.9/bin/../lib/gcc/arm-none-eabi/13.3.1/../../../../arm-none-eabi/lib/thumb/v8-m.main+fp/hard\libc.a(libc_a-reent.o) (_impure_ptr)
C:/Users/dokoe/AppData/Local/stm32cube/bundles/gnu-tools-for-stm32/13.3.1+st.9/bin/../lib/gcc/arm-none-eabi/13.3.1/../../../../arm-none-eabi/lib/thumb/v8-m.main+fp/hard\libc.a(libc_a-lseekr.o)
                              C:/Users/dokoe/AppData/Local/stm32cube/bundles/gnu-tools-for-stm32/13.3.1+st.9/bin/../lib/gcc/arm-none-eabi/13.3.1/../../../../arm-none-eabi/lib/thumb/v8-m.main+fp/hard\libc.a(libc_a-stdio.o) (_lseek_r)
C:/Users/dokoe/AppData/Local/stm32cube/bundles/gnu-tools-for-stm32/13.3.1+st.9/bin/../lib/gcc/arm-none-eabi/13.3.1/../../../../arm-none-eabi/lib/thumb/v8-m.main+fp/hard\libc.a(libc_a-readr.o)
                              C:/Users/dokoe/AppData/Local/stm32cube/bundles/gnu-tools-for-stm32/13.3.1+st.9/bin/../lib/gcc/arm-none-eabi/13.3.1/../../../../arm-none-eabi/lib/thumb/v8-m.main+fp/hard\libc.a(libc_a-stdio.o) (_read_r)
C:/Users/dokoe/AppData/Local/stm32cube/bundles/gnu-tools-for-stm32/13.3.1+st.9/bin/../lib/gcc/arm-none-eabi/13.3.1/../../../../arm-none-eabi/lib/thumb/v8-m.main+fp/hard\libc.a(libc_a-writer.o)
                              C:/Users/dokoe/AppData/Local/stm32cube/bundles/gnu-tools-for-stm32/13.3.1+st.9/bin/../lib/gcc/arm-none-eabi/13.3.1/../../../../arm-none-eabi/lib/thumb/v8-m.main+fp/hard\libc.a(libc_a-stdio.o) (_write_r)
C:/Users/dokoe/AppData/Local/stm32cube/bundles/gnu-tools-for-stm32/13.3.1+st.9/bin/../lib/gcc/arm-none-eabi/13.3.1/../../../../arm-none-eabi/lib/thumb/v8-m.main+fp/hard\libc.a(libc_a-init.o)
[...]
Memory Configuration

Name             Origin             Length             Attributes
RAM              0x20000000         0x00044000         xrw
FLASH            0x08000000         0x00080000         xr
*default*        0x00000000         0xffffffff

Linker script and memory map

LOAD C:/Users/dokoe/AppData/Local/stm32cube/bundles/gnu-tools-for-stm32/13.3.1+st.9/bin/../lib/gcc/arm-none-eabi/13.3.1/thumb/v8-m.main+fp/hard/crti.o
LOAD C:/Users/dokoe/AppData/Local/stm32cube/bundles/gnu-tools-for-stm32/13.3.1+st.9/bin/../lib/gcc/arm-none-eabi/13.3.1/thumb/v8-m.main+fp/hard/crtbegin.o
LOAD C:/Users/dokoe/AppData/Local/stm32cube/bundles/gnu-tools-for-stm32/13.3.1+st.9/bin/../lib/gcc/arm-none-eabi/13.3.1/../../../../arm-none-eabi/lib/thumb/v8-m.main+fp/hard/crt0.o
START GROUP
LOAD C:/Users/dokoe/AppData/Local/stm32cube/bundles/gnu-tools-for-stm32/13.3.1+st.9/bin/../lib/gcc/arm-none-eabi/13.3.1/../../../../arm-none-eabi/lib/thumb/v8-m.main+fp/hard\libc.a
LOAD C:/Users/dokoe/AppData/Local/stm32cube/bundles/gnu-tools-for-stm32/13.3.1+st.9/bin/../lib/gcc/arm-none-eabi/13.3.1/../../../../arm-none-eabi/lib/thumb/v8-m.main+fp/hard\libm.a
LOAD C:/Users/dokoe/AppData/Local/stm32cube/bundles/gnu-tools-for-stm32/13.3.1+st.9/bin/../lib/gcc/arm-none-eabi/13.3.1/../../../../arm-none-eabi/lib/thumb/v8-m.main+fp/hard\libstdc++.a
LOAD C:/Users/dokoe/AppData/Local/stm32cube/bundles/gnu-tools-for-stm32/13.3.1+st.9/bin/../lib/gcc/arm-none-eabi/13.3.1/../../../../arm-none-eabi/lib/thumb/v8-m.main+fp/hard\libsupc++.a
END GROUP
LOAD CMakeFiles/template.dir/Src/main.c.obj
LOAD CMakeFiles/template.dir/Src/system_stm32h5xx.c.obj
LOAD CMakeFiles/template.dir/Inc/plib/plibi_queue.c.obj
LOAD CMakeFiles/template.dir/Inc/plib/plibi_serial.c.obj
LOAD CMakeFiles/template.dir/Inc/plib/plibi_board.c.obj
LOAD CMakeFiles/template.dir/Inc/plib/plibi_main.c.obj
LOAD CMakeFiles/template.dir/Src/syscall.c.obj
LOAD CMakeFiles/template.dir/Src/sysmem.c.obj
LOAD CMakeFiles/template.dir/Src/startup_stm32h533xx.S.obj
START GROUP
LOAD C:/Users/dokoe/AppData/Local/stm32cube/bundles/gnu-tools-for-stm32/13.3.1+st.9/bin/../lib/gcc/arm-none-eabi/13.3.1/thumb/v8-m.main+fp/hard\libgcc.a
LOAD C:/Users/dokoe/AppData/Local/stm32cube/bundles/gnu-tools-for-stm32/13.3.1+st.9/bin/../lib/gcc/arm-none-eabi/13.3.1/../../../../arm-none-eabi/lib/thumb/v8-m.main+fp/hard\libg.a
LOAD C:/Users/dokoe/AppData/Local/stm32cube/bundles/gnu-tools-for-stm32/13.3.1+st.9/bin/../lib/gcc/arm-none-eabi/13.3.1/../../../../arm-none-eabi/lib/thumb/v8-m.main+fp/hard\libc.a
END GROUP
START GROUP
LOAD C:/Users/dokoe/AppData/Local/stm32cube/bundles/gnu-tools-for-stm32/13.3.1+st.9/bin/../lib/gcc/arm-none-eabi/13.3.1/thumb/v8-m.main+fp/hard\libgcc.a
LOAD C:/Users/dokoe/AppData/Local/stm32cube/bundles/gnu-tools-for-stm32/13.3.1+st.9/bin/../lib/gcc/arm-none-eabi/13.3.1/../../../../arm-none-eabi/lib/thumb/v8-m.main+fp/hard\libc.a
LOAD C:/Users/dokoe/AppData/Local/stm32cube/bundles/gnu-tools-for-stm32/13.3.1+st.9/bin/../lib/gcc/arm-none-eabi/13.3.1/../../../../arm-none-eabi/lib/thumb/v8-m.main+fp/hard\libnosys.a
END GROUP
LOAD C:/Users/dokoe/AppData/Local/stm32cube/bundles/gnu-tools-for-stm32/13.3.1+st.9/bin/../lib/gcc/arm-none-eabi/13.3.1/thumb/v8-m.main+fp/hard/crtend.o
LOAD C:/Users/dokoe/AppData/Local/stm32cube/bundles/gnu-tools-for-stm32/13.3.1+st.9/bin/../lib/gcc/arm-none-eabi/13.3.1/thumb/v8-m.main+fp/hard/crtn.o
                0x20044000                        _estack = (ORIGIN (RAM) + LENGTH (RAM))
                0x00000200                        _Min_Heap_Size = 0x200
                0x00000400                        _Min_Stack_Size = 0x400

.isr_vector     0x08000000      0x254
                0x08000000                        . = ALIGN (0x4)
 *(.isr_vector)
 .isr_vector    0x08000000      0x254 CMakeFiles/template.dir/Src/startup_stm32h533xx.S.obj
                0x08000000                g_pfnVectors
                0x08000254                        . = ALIGN (0x4)

.text           0x08000254     0x18f0
                0x08000254                        . = ALIGN (0x4)
 *(.text)
 .text          0x08000254       0x40 C:/Users/dokoe/AppData/Local/stm32cube/bundles/gnu-tools-for-stm32/13.3.1+st.9/bin/../lib/gcc/arm-none-eabi/13.3.1/thumb/v8-m.main+fp/hard/crtbegin.o
 .text          0x08000294       0x10 C:/Users/dokoe/AppData/Local/stm32cube/bundles/gnu-tools-for-stm32/13.3.1+st.9/bin/../lib/gcc/arm-none-eabi/13.3.1/../../../../arm-none-eabi/lib/thumb/v8-m.main+fp/hard\libg.a(libc_a-strlen.o)
                0x08000294                strlen
 *(.text*)
 .text.memset   0x080002a4       0x10 C:/Users/dokoe/AppData/Local/stm32cube/bundles/gnu-tools-for-stm32/13.3.1+st.9/bin/../lib/gcc/arm-none-eabi/13.3.1/../../../../arm-none-eabi/lib/thumb/v8-m.main+fp/hard\libc.a(libc_a-memset.o)
                0x080002a4                memset
 .text.__libc_init_array
                0x080002b4       0x48 C:/Users/dokoe/AppData/Local/stm32cube/bundles/gnu-tools-for-stm32/13.3.1+st.9/bin/../lib/gcc/arm-none-eabi/13.3.1/../../../../arm-none-eabi/lib/thumb/v8-m.main+fp/hard\libc.a(libc_a-init.o)
                0x080002b4                __libc_init_array
 .text.__retarget_lock_acquire_recursive
                0x080002fc        0x2 C:/Users/dokoe/AppData/Local/stm32cube/bundles/gnu-tools-for-stm32/13.3.1+st.9/bin/../lib/gcc/arm-none-eabi/13.3.1/../../../../arm-none-eabi/lib/thumb/v8-m.main+fp/hard\libc.a(libc_a-lock.o)
                0x080002fc                __retarget_lock_acquire_recursive
 .text.__retarget_lock_release_recursive
                0x080002fe        0x2 C:/Users/dokoe/AppData/Local/stm32cube/bundles/gnu-tools-for-stm32/13.3.1+st.9/bin/../lib/gcc/arm-none-eabi/13.3.1/../../../../arm-none-eabi/lib/thumb/v8-m.main+fp/hard\libc.a(libc_a-lock.o)
                0x080002fe                __retarget_lock_release_recursive
 .text.startup.register_fini
                0x08000300       0x14 C:/Users/dokoe/AppData/Local/stm32cube/bundles/gnu-tools-for-stm32/13.3.1+st.9/bin/../lib/gcc/arm-none-eabi/13.3.1/../../../../arm-none-eabi/lib/thumb/v8-m.main+fp/hard\libc.a(libc_a-__call_atexit.o)
 .text.atexit   0x08000314        0xc C:/Users/dokoe/AppData/Local/stm32cube/bundles/gnu-tools-for-stm32/13.3.1+st.9/bin/../lib/gcc/arm-none-eabi/13.3.1/../../../../arm-none-eabi/lib/thumb/v8-m.main+fp/hard\libc.a(libc_a-atexit.o)
                0x08000314                atexit
 .text.__libc_fini_array
                0x08000320       0x28 C:/Users/dokoe/AppData/Local/stm32cube/bundles/gnu-tools-for-stm32/13.3.1+st.9/bin/../lib/gcc/arm-none-eabi/13.3.1/../../../../arm-none-eabi/lib/thumb/v8-m.main+fp/hard\libc.a(libc_a-fini.o)
                0x08000320                __libc_fini_array
 .text.__register_exitproc
                0x08000348       0x84 C:/Users/dokoe/AppData/Local/stm32cube/bundles/gnu-tools-for-stm32/13.3.1+st.9/bin/../lib/gcc/arm-none-eabi/13.3.1/../../../../arm-none-eabi/lib/thumb/v8-m.main+fp/hard\libc.a(libc_a-__atexit.o)
                0x08000348                __register_exitproc
 .text.main     0x080003cc       0x68 CMakeFiles/template.dir/Src/main.c.obj
                0x080003cc                main
 .text.SysTick_Handler
                0x08000434       0x1c CMakeFiles/template.dir/Src/main.c.obj
                0x08000434                SysTick_Handler
 .text.SystemInit
                0x08000450       0xf8 CMakeFiles/template.dir/Src/system_stm32h5xx.c.obj
                0x08000450                SystemInit
 .text.pli_queue_statistics_free
                0x08000548       0x34 CMakeFiles/template.dir/Inc/plib/plibi_queue.c.obj
                0x08000548                pli_queue_statistics_free
 .text.pli_queue_statistics_reset
                0x0800057c       0x1e CMakeFiles/template.dir/Inc/plib/plibi_queue.c.obj
                0x0800057c                pli_queue_statistics_reset
 .text.pli_queue_init
                0x0800059a       0x34 CMakeFiles/template.dir/Inc/plib/plibi_queue.c.obj
                0x0800059a                pli_queue_init
 .text.pli_queue_full
                0x080005ce       0x36 CMakeFiles/template.dir/Inc/plib/plibi_queue.c.obj
                0x080005ce                pli_queue_full
 .text.pli_queue_empty
                0x08000604       0x26 CMakeFiles/template.dir/Inc/plib/plibi_queue.c.obj
                0x08000604                pli_queue_empty
 .text.pli_enqueue
                0x0800062a       0x6a CMakeFiles/template.dir/Inc/plib/plibi_queue.c.obj
                0x0800062a                pli_enqueue
 .text.pli_dequeue
                0x08000694       0x50 CMakeFiles/template.dir/Inc/plib/plibi_queue.c.obj
                0x08000694                pli_dequeue
 .text.__NVIC_GetPriorityGrouping
                0x080006e4       0x1c CMakeFiles/template.dir/Inc/plib/plibi_serial.c.obj
 .text.__NVIC_EnableIRQ
                0x08000700       0x3c CMakeFiles/template.dir/Inc/plib/plibi_serial.c.obj
 .text.__NVIC_SetPriority
                0x0800073c       0x54 CMakeFiles/template.dir/Inc/plib/plibi_serial.c.obj
 .text.NVIC_EncodePriority
                0x08000790       0x66 CMakeFiles/template.dir/Inc/plib/plibi_serial.c.obj
 *fill*         0x080007f6        0x2 
 .text.USART2_IRQHandler
                0x080007f8       0x98 CMakeFiles/template.dir/Inc/plib/plibi_serial.c.obj
                0x080007f8                USART2_IRQHandler
 .text.pli_serial_init
                0x08000890      0x15c CMakeFiles/template.dir/Inc/plib/plibi_serial.c.obj
                0x08000890                pli_serial_init
 .text.pli_serial_write
                0x080009ec       0x50 CMakeFiles/template.dir/Inc/plib/plibi_serial.c.obj
                0x080009ec                pli_serial_write
 .text.pli_serial_read
                0x08000a3c       0x28 CMakeFiles/template.dir/Inc/plib/plibi_serial.c.obj
                0x08000a3c                pli_serial_read
 .text.__NVIC_GetPriorityGrouping
                0x08000a64       0x1c CMakeFiles/template.dir/Inc/plib/plibi_board.c.obj
 .text.__NVIC_SetPriority
                0x08000a80       0x54 CMakeFiles/template.dir/Inc/plib/plibi_board.c.obj
 .text.NVIC_EncodePriority
                0x08000ad4       0x66 CMakeFiles/template.dir/Inc/plib/plibi_board.c.obj
 *fill*         0x08000b3a        0x2 
 .text.userbutton_init
                0x08000b3c       0x54 CMakeFiles/template.dir/Inc/plib/plibi_board.c.obj
 .text.sysled_init
                0x08000b90       0x50 CMakeFiles/template.dir/Inc/plib/plibi_board.c.obj
 .text.pl_board_led_set
                0x08000be0       0x30 CMakeFiles/template.dir/Inc/plib/plibi_board.c.obj
                0x08000be0                pl_board_led_set
 .text.pli_board_init
                0x08000c10       0x24 CMakeFiles/template.dir/Inc/plib/plibi_board.c.obj
                0x08000c10                pli_board_init
 .text.pl_error
                0x08000c34        0xe CMakeFiles/template.dir/Inc/plib/plibi_board.c.obj
                0x08000c34                pl_error
 *fill*         0x08000c42        0x2 
 .text.HAL_RCC_GetSysClockFreq
                0x08000c44      0x258 CMakeFiles/template.dir/Inc/plib/plibi_board.c.obj
 .text.HAL_SYSTICK_GetCLKSourceConfig_mine
                0x08000e9c       0x6c CMakeFiles/template.dir/Inc/plib/plibi_board.c.obj
 .text.HAL_SYSTICK_Config
                0x08000f08       0x44 CMakeFiles/template.dir/Inc/plib/plibi_board.c.obj
 .text.HAL_NVIC_SetPriority
                0x08000f4c       0x34 CMakeFiles/template.dir/Inc/plib/plibi_board.c.obj
 .text.HAL_InitTick
                0x08000f80       0xec CMakeFiles/template.dir/Inc/plib/plibi_board.c.obj
                0x08000f80                HAL_InitTick
 .text.HAL_RCC_ClockConfig
                0x0800106c       0xf8 CMakeFiles/template.dir/Inc/plib/plibi_board.c.obj
 .text.HAL_RCC_OscConfig
                0x08001164      0x108 CMakeFiles/template.dir/Inc/plib/plibi_board.c.obj
 .text.SystemClock_Config
                0x0800126c       0xdc CMakeFiles/template.dir/Inc/plib/plibi_board.c.obj
 .text.hex_digit
                0x08001348       0x2c CMakeFiles/template.dir/Inc/plib/plibi_main.c.obj
 .text.encode8  0x08001374       0x42 CMakeFiles/template.dir/Inc/plib/plibi_main.c.obj
 .text.send_string
                0x080013b6       0x56 CMakeFiles/template.dir/Inc/plib/plibi_main.c.obj
 .text.from_hex
                0x0800140c       0x90 CMakeFiles/template.dir/Inc/plib/plibi_main.c.obj
 .text.from_dec
                0x0800149c       0x78 CMakeFiles/template.dir/Inc/plib/plibi_main.c.obj
 .text.send_screen
                0x08001514       0x30 CMakeFiles/template.dir/Inc/plib/plibi_main.c.obj
 .text.incoming_error
                0x08001544       0x18 CMakeFiles/template.dir/Inc/plib/plibi_main.c.obj
 .text.incoming_request
                0x0800155c       0x94 CMakeFiles/template.dir/Inc/plib/plibi_main.c.obj
 .text.incoming_setter_screen0
                0x080015f0       0xc0 CMakeFiles/template.dir/Inc/plib/plibi_main.c.obj
 .text.incoming_setter_screen_unnamed
                0x080016b0      0x18c CMakeFiles/template.dir/Inc/plib/plibi_main.c.obj
 .text.incoming_setter
                0x0800183c       0x6c CMakeFiles/template.dir/Inc/plib/plibi_main.c.obj
 .text.incoming_from_visu
                0x080018a8       0xb0 CMakeFiles/template.dir/Inc/plib/plibi_main.c.obj
 .text.pl_init  0x08001958       0x34 CMakeFiles/template.dir/Inc/plib/plibi_main.c.obj
                0x08001958                pl_init
 .text.pl_screen_set
                0x0800198c       0x3c CMakeFiles/template.dir/Inc/plib/plibi_main.c.obj
                0x0800198c                pl_screen_set
 .text.send_led
                0x080019c8       0x44 CMakeFiles/template.dir/Inc/plib/plibi_main.c.obj
 .text.pl_led_set
                0x08001a0c       0x30 CMakeFiles/template.dir/Inc/plib/plibi_main.c.obj
                0x08001a0c                pl_led_set
 .text.pl_do    0x08001a3c       0x6c CMakeFiles/template.dir/Inc/plib/plibi_main.c.obj
                0x08001a3c                pl_do
 .text.pl_log   0x08001aa8       0x30 CMakeFiles/template.dir/Inc/plib/plibi_main.c.obj
                0x08001aa8                pl_log
 .text.Reset_Handler
                0x08001ad8       0x50 CMakeFiles/template.dir/Src/startup_stm32h533xx.S.obj
                0x08001ad8                Reset_Handler
 .text.Default_Handler
                0x08001b28        0x2 CMakeFiles/template.dir/Src/startup_stm32h533xx.S.obj
                0x08001b28                EXTI2_IRQHandler
                0x08001b28                TIM8_TRG_COM_IRQHandler
                0x08001b28                TIM8_CC_IRQHandler
                0x08001b28                EXTI5_IRQHandler
                0x08001b28                I3C1_ER_IRQHandler
                0x08001b28                DebugMon_Handler
                0x08001b28                SPI4_IRQHandler
                0x08001b28                GPDMA2_Channel1_IRQHandler
                0x08001b28                FLASH_S_IRQHandler
                0x08001b28                EXTI13_IRQHandler
                0x08001b28                TIM1_CC_IRQHandler
                0x08001b28                HardFault_Handler
                0x08001b28                GPDMA2_Channel3_IRQHandler
                0x08001b28                TAMP_IRQHandler
                0x08001b28                TIM6_IRQHandler
                0x08001b28                EXTI12_IRQHandler
                0x08001b28                PendSV_Handler
                0x08001b28                USB_DRD_FS_IRQHandler
                0x08001b28                NMI_Handler
                0x08001b28                EXTI3_IRQHandler
                0x08001b28                GPDMA1_Channel5_IRQHandler
                0x08001b28                EXTI8_IRQHandler
                0x08001b28                GPDMA2_Channel5_IRQHandler
                0x08001b28                LPTIM2_IRQHandler
                0x08001b28                I2C3_ER_IRQHandler
                0x08001b28                GPDMA2_Channel2_IRQHandler
                0x08001b28                EXTI0_IRQHandler
                0x08001b28                I2C2_EV_IRQHandler
                0x08001b28                FPU_IRQHandler
                0x08001b28                GPDMA1_Channel3_IRQHandler
                0x08001b28                GPDMA1_Channel7_IRQHandler
                0x08001b28                FDCAN1_IT1_IRQHandler
                0x08001b28                RAMCFG_IRQHandler
                0x08001b28                UsageFault_Handler
                0x08001b28                DCACHE1_IRQHandler
                0x08001b28                SPI1_IRQHandler
                0x08001b28                OCTOSPI1_IRQHandler
                0x08001b28                GPDMA1_Channel2_IRQHandler
                0x08001b28                TIM8_UP_IRQHandler
                0x08001b28                RCC_S_IRQHandler
                0x08001b28                ADC1_IRQHandler
                0x08001b28                PKA_IRQHandler
                0x08001b28                USART6_IRQHandler
                0x08001b28                I3C2_ER_IRQHandler
                0x08001b28                EXTI15_IRQHandler
                0x08001b28                USART3_IRQHandler
                0x08001b28                RTC_IRQHandler
                0x08001b28                EXTI9_IRQHandler
                0x08001b28                UART5_IRQHandler
                0x08001b28                TIM4_IRQHandler
                0x08001b28                I3C2_EV_IRQHandler
                0x08001b28                I2C1_EV_IRQHandler
                0x08001b28                GPDMA1_Channel1_IRQHandler
                0x08001b28                UART4_IRQHandler
                0x08001b28                SecureFault_Handler
                0x08001b28                TIM3_IRQHandler
                0x08001b28                RCC_IRQHandler
                0x08001b28                TIM1_TRG_COM_IRQHandler
                0x08001b28                Default_Handler
                0x08001b28                CEC_IRQHandler
                0x08001b28                OTFDEC1_IRQHandler
                0x08001b28                GPDMA2_Channel4_IRQHandler
                0x08001b28                TIM12_IRQHandler
                0x08001b28                TIM7_IRQHandler
                0x08001b28                SDMMC1_IRQHandler
                0x08001b28                SAES_IRQHandler
                0x08001b28                TIM5_IRQHandler
                0x08001b28                UCPD1_IRQHandler
                0x08001b28                GPDMA1_Channel0_IRQHandler
                0x08001b28                I3C1_EV_IRQHandler
                0x08001b28                TIM15_IRQHandler
                0x08001b28                PVD_AVD_IRQHandler
                0x08001b28                I2C3_EV_IRQHandler
                0x08001b28                ADC2_IRQHandler
                0x08001b28                SPI2_IRQHandler
                0x08001b28                MemManage_Handler
                0x08001b28                EXTI14_IRQHandler
                0x08001b28                EXTI11_IRQHandler
                0x08001b28                SVC_Handler
                0x08001b28                CRS_IRQHandler
                0x08001b28                EXTI4_IRQHandler
                0x08001b28                GPDMA2_Channel0_IRQHandler
                0x08001b28                RTC_S_IRQHandler
                0x08001b28                RNG_IRQHandler
                0x08001b28                FDCAN2_IT1_IRQHandler
                0x08001b28                GPDMA2_Channel6_IRQHandler
                0x08001b28                TIM1_UP_IRQHandler
                0x08001b28                WWDG_IRQHandler
                0x08001b28                FDCAN2_IT0_IRQHandler
                0x08001b28                IWDG_IRQHandler
                0x08001b28                LPUART1_IRQHandler
                0x08001b28                FDCAN1_IT0_IRQHandler
                0x08001b28                TIM2_IRQHandler
                0x08001b28                GPDMA1_Channel4_IRQHandler
                0x08001b28                EXTI7_IRQHandler
                0x08001b28                TIM1_BRK_IRQHandler
                0x08001b28                EXTI1_IRQHandler
                0x08001b28                AES_IRQHandler
                0x08001b28                DAC1_IRQHandler
                0x08001b28                DTS_IRQHandler
                0x08001b28                GTZC_IRQHandler
                0x08001b28                GPDMA1_Channel6_IRQHandler
                0x08001b28                GPDMA2_Channel7_IRQHandler
                0x08001b28                I2C2_ER_IRQHandler
                0x08001b28                TIM8_BRK_IRQHandler
                0x08001b28                FLASH_IRQHandler
                0x08001b28                BusFault_Handler
                0x08001b28                USART1_IRQHandler
                0x08001b28                EXTI10_IRQHandler
                0x08001b28                SPI3_IRQHandler
                0x08001b28                I2C1_ER_IRQHandler
                0x08001b28                FMC_IRQHandler
                0x08001b28                EXTI6_IRQHandler
                0x08001b28                LPTIM1_IRQHandler
                0x08001b28                DCMI_PSSI_IRQHandler
                0x08001b28                ICACHE_IRQHandler
                0x08001b28                HASH_IRQHandler
 *(.glue_7)
 .glue_7        0x08001b2a        0x0 linker stubs
 *(.glue_7t)
 .glue_7t       0x08001b2a        0x0 linker stubs
 *(.eh_frame)
 *fill*         0x08001b2a        0x2 
 .eh_frame      0x08001b2c        0x0 C:/Users/dokoe/AppData/Local/stm32cube/bundles/gnu-tools-for-stm32/13.3.1+st.9/bin/../lib/gcc/arm-none-eabi/13.3.1/thumb/v8-m.main+fp/hard/crtbegin.o
 *(.init)
 .init          0x08001b2c        0x4 C:/Users/dokoe/AppData/Local/stm32cube/bundles/gnu-tools-for-stm32/13.3.1+st.9/bin/../lib/gcc/arm-none-eabi/13.3.1/thumb/v8-m.main+fp/hard/crti.o
                0x08001b2c                _init
 .init          0x08001b30        0x8 C:/Users/dokoe/AppData/Local/stm32cube/bundles/gnu-tools-for-stm32/13.3.1+st.9/bin/../lib/gcc/arm-none-eabi/13.3.1/thumb/v8-m.main+fp/hard/crtn.o
 *(.fini)
 .fini          0x08001b38        0x4 C:/Users/dokoe/AppData/Local/stm32cube/bundles/gnu-tools-for-stm32/13.3.1+st.9/bin/../lib/gcc/arm-none-eabi/13.3.1/thumb/v8-m.main+fp/hard/crti.o
                0x08001b38                _fini
 .fini          0x08001b3c        0x8 C:/Users/dokoe/AppData/Local/stm32cube/bundles/gnu-tools-for-stm32/13.3.1+st.9/bin/../lib/gcc/arm-none-eabi/13.3.1/thumb/v8-m.main+fp/hard/crtn.o
                0x08001b44                        . = ALIGN (0x4)
                0x08001b44                        _etext = .

.vfp11_veneer   0x08001b44        0x0
 .vfp11_veneer  0x08001b44        0x0 linker stubs

.v4_bx          0x08001b44        0x0
 .v4_bx         0x08001b44        0x0 linker stubs

.iplt           0x08001b44        0x0
 .iplt          0x08001b44        0x0 C:/Users/dokoe/AppData/Local/stm32cube/bundles/gnu-tools-for-stm32/13.3.1+st.9/bin/../lib/gcc/arm-none-eabi/13.3.1/thumb/v8-m.main+fp/hard/crtbegin.o

.rodata         0x08001b44       0x9c
                0x08001b44                        . = ALIGN (0x4)
 *(.rodata)
 .rodata        0x08001b44       0x16 CMakeFiles/template.dir/Src/main.c.obj
 *fill*         0x08001b5a        0x2 
 .rodata        0x08001b5c       0x73 CMakeFiles/template.dir/Inc/plib/plibi_main.c.obj
 *(.rodata*)
 *fill*         0x08001bcf        0x1 
 .rodata.AHBPrescTable
                0x08001bd0       0x10 CMakeFiles/template.dir/Src/system_stm32h5xx.c.obj
                0x08001bd0                AHBPrescTable
                0x08001be0                        . = ALIGN (0x4)

.ARM.extab      0x08001be0        0x0
                0x08001be0                        . = ALIGN (0x4)
 *(.ARM.extab* .gnu.linkonce.armextab.*)
                0x08001be0                        . = ALIGN (0x4)

.ARM            0x08001be0        0x8
                0x08001be0                        . = ALIGN (0x4)
                0x08001be0                        __exidx_start = .
 *(.ARM.exidx*)
 .ARM.exidx     0x08001be0        0x8 C:/Users/dokoe/AppData/Local/stm32cube/bundles/gnu-tools-for-stm32/13.3.1+st.9/bin/../lib/gcc/arm-none-eabi/13.3.1/../../../../arm-none-eabi/lib/thumb/v8-m.main+fp/hard\libg.a(libc_a-strlen.o)
                0x08001be8                        __exidx_end = .
                0x08001be8                        . = ALIGN (0x4)

.preinit_array  0x08001be8        0x0
                0x08001be8                        . = ALIGN (0x4)
                0x08001be8                        PROVIDE (__preinit_array_start = .)
 *(.preinit_array*)
                0x08001be8                        PROVIDE (__preinit_array_end = .)
                0x08001be8                        . = ALIGN (0x4)

.init_array     0x08001be8        0x8
                0x08001be8                        . = ALIGN (0x4)
                0x08001be8                        PROVIDE (__init_array_start = .)
 *(SORT_BY_NAME(.init_array.*))
 .init_array.00000
                0x08001be8        0x4 C:/Users/dokoe/AppData/Local/stm32cube/bundles/gnu-tools-for-stm32/13.3.1+st.9/bin/../lib/gcc/arm-none-eabi/13.3.1/../../../../arm-none-eabi/lib/thumb/v8-m.main+fp/hard\libc.a(libc_a-__call_atexit.o)
 *(.init_array*)
 .init_array    0x08001bec        0x4 C:/Users/dokoe/AppData/Local/stm32cube/bundles/gnu-tools-for-stm32/13.3.1+st.9/bin/../lib/gcc/arm-none-eabi/13.3.1/thumb/v8-m.main+fp/hard/crtbegin.o
                0x08001bf0                        PROVIDE (__init_array_end = .)
                0x08001bf0                        . = ALIGN (0x4)

.fini_array     0x08001bf0        0x4
                0x08001bf0                        . = ALIGN (0x4)
                0x08001bf0                        PROVIDE (__fini_array_start = .)
 *(SORT_BY_NAME(.fini_array.*))
 *(.fini_array*)
 .fini_array    0x08001bf0        0x4 C:/Users/dokoe/AppData/Local/stm32cube/bundles/gnu-tools-for-stm32/13.3.1+st.9/bin/../lib/gcc/arm-none-eabi/13.3.1/thumb/v8-m.main+fp/hard/crtbegin.o
                0x08001bf4                        PROVIDE (__fini_array_end = .)
                0x08001bf4                        . = ALIGN (0x4)
                0x08001bf4                        _sidata = LOADADDR (.data)

.rel.dyn        0x08001bf4        0x0
 .rel.iplt      0x08001bf4        0x0 C:/Users/dokoe/AppData/Local/stm32cube/bundles/gnu-tools-for-stm32/13.3.1+st.9/bin/../lib/gcc/arm-none-eabi/13.3.1/thumb/v8-m.main+fp/hard/crtbegin.o

.data           0x20000000       0x18 load address 0x08001bf4
                0x20000000                        . = ALIGN (0x4)
                0x20000000                        _sdata = .
 *(.data)
 *(.data*)
 .data.__atexit_recursive_mutex
                0x20000000        0x4 C:/Users/dokoe/AppData/Local/stm32cube/bundles/gnu-tools-for-stm32/13.3.1+st.9/bin/../lib/gcc/arm-none-eabi/13.3.1/../../../../arm-none-eabi/lib/thumb/v8-m.main+fp/hard\libc.a(libc_a-__call_atexit.o)
                0x20000000                __atexit_recursive_mutex
 .data.SystemCoreClock
                0x20000004        0x4 CMakeFiles/template.dir/Src/system_stm32h5xx.c.obj
                0x20000004                SystemCoreClock
 .data.uart     0x20000008        0x4 CMakeFiles/template.dir/Inc/plib/plibi_serial.c.obj
 .data.first_run.0
                0x2000000c        0x4 CMakeFiles/template.dir/Inc/plib/plibi_serial.c.obj
 .data.uwTickPrio
                0x20000010        0x4 CMakeFiles/template.dir/Inc/plib/plibi_board.c.obj
 .data.uwTickFreq
                0x20000014        0x4 CMakeFiles/template.dir/Inc/plib/plibi_board.c.obj
 *(.RamFunc)
 *(.RamFunc*)
                0x20000018                        . = ALIGN (0x4)
                0x20000018                        _edata = .

.igot.plt       0x20000018        0x0 load address 0x08001c0c
 .igot.plt      0x20000018        0x0 C:/Users/dokoe/AppData/Local/stm32cube/bundles/gnu-tools-for-stm32/13.3.1+st.9/bin/../lib/gcc/arm-none-eabi/13.3.1/thumb/v8-m.main+fp/hard/crtbegin.o
                0x20000018                        . = ALIGN (0x4)

.bss            0x20000018      0x2e0 load address 0x08001c0c
                0x20000018                        _sbss = .
                0x20000018                        __bss_start__ = _sbss
 *(.bss)
 .bss           0x20000018       0x1c C:/Users/dokoe/AppData/Local/stm32cube/bundles/gnu-tools-for-stm32/13.3.1+st.9/bin/../lib/gcc/arm-none-eabi/13.3.1/thumb/v8-m.main+fp/hard/crtbegin.o
 *(.bss*)
 .bss.__lock___atexit_recursive_mutex
                0x20000034        0x1 C:/Users/dokoe/AppData/Local/stm32cube/bundles/gnu-tools-for-stm32/13.3.1+st.9/bin/../lib/gcc/arm-none-eabi/13.3.1/../../../../arm-none-eabi/lib/thumb/v8-m.main+fp/hard\libc.a(libc_a-lock.o)
                0x20000034                __lock___atexit_recursive_mutex
 *fill*         0x20000035        0x3 
 .bss.__atexit  0x20000038        0x4 C:/Users/dokoe/AppData/Local/stm32cube/bundles/gnu-tools-for-stm32/13.3.1+st.9/bin/../lib/gcc/arm-none-eabi/13.3.1/../../../../arm-none-eabi/lib/thumb/v8-m.main+fp/hard\libc.a(libc_a-__call_atexit.o)
                0x20000038                __atexit
 .bss.__atexit0
                0x2000003c      0x190 C:/Users/dokoe/AppData/Local/stm32cube/bundles/gnu-tools-for-stm32/13.3.1+st.9/bin/../lib/gcc/arm-none-eabi/13.3.1/../../../../arm-none-eabi/lib/thumb/v8-m.main+fp/hard\libc.a(libc_a-__atexit.o)
                0x2000003c                __atexit0
 .bss.ticks     0x200001cc        0x4 CMakeFiles/template.dir/Src/main.c.obj
                0x200001cc                ticks
 .bss.rx_buffer
                0x200001d0       0x40 CMakeFiles/template.dir/Inc/plib/plibi_serial.c.obj
 .bss.tx_buffer
                0x20000210       0x80 CMakeFiles/template.dir/Inc/plib/plibi_serial.c.obj
 .bss.rx_queue  0x20000290       0x14 CMakeFiles/template.dir/Inc/plib/plibi_serial.c.obj
 .bss.tx_queue  0x200002a4       0x14 CMakeFiles/template.dir/Inc/plib/plibi_serial.c.obj
 .bss.tx_primed
                0x200002b8        0x4 CMakeFiles/template.dir/Inc/plib/plibi_serial.c.obj
 .bss.state     0x200002bc        0x1 CMakeFiles/template.dir/Inc/plib/plibi_main.c.obj
 .bss.state_switch
                0x200002bd        0x1 CMakeFiles/template.dir/Inc/plib/plibi_main.c.obj
 .bss.state_button
                0x200002be        0x1 CMakeFiles/template.dir/Inc/plib/plibi_main.c.obj
 .bss.state_led
                0x200002bf        0x1 CMakeFiles/template.dir/Inc/plib/plibi_main.c.obj
 .bss.state_adc
                0x200002c0        0x4 CMakeFiles/template.dir/Inc/plib/plibi_main.c.obj
                0x200002c0                state_adc
 .bss.screen    0x200002c4        0x1 CMakeFiles/template.dir/Inc/plib/plibi_main.c.obj
 *fill*         0x200002c5        0x3 
 .bss.time_current
                0x200002c8        0x8 CMakeFiles/template.dir/Inc/plib/plibi_main.c.obj
 .bss.message_pos.2
                0x200002d0        0x4 CMakeFiles/template.dir/Inc/plib/plibi_main.c.obj
 .bss.message.1
                0x200002d4       0x21 CMakeFiles/template.dir/Inc/plib/plibi_main.c.obj
 *(COMMON)
                0x200002f8                        . = ALIGN (0x4)
 *fill*         0x200002f5        0x3 
                0x200002f8                        _ebss = .
                0x200002f8                        __bss_end__ = _ebss

._user_heap_stack
                0x200002f8      0x600 load address 0x08001c0c
                0x200002f8                        . = ALIGN (0x8)
                [!provide]                        PROVIDE (end = .)
                0x200002f8                        PROVIDE (_end = .)
                0x200004f8                        . = (. + _Min_Heap_Size)
 *fill*         0x200002f8      0x200 
                0x200008f8                        . = (. + _Min_Stack_Size)
 *fill*         0x200004f8      0x400 
                0x200008f8                        . = ALIGN (0x8)

/DISCARD/
 libc.a(*)
 libm.a(*)
 libgcc.a(*)

.ARM.attributes
                0x00000000       0x36
 *(.ARM.attributes)
 .ARM.attributes
                0x00000000       0x26 C:/Users/dokoe/AppData/Local/stm32cube/bundles/gnu-tools-for-stm32/13.3.1+st.9/bin/../lib/gcc/arm-none-eabi/13.3.1/thumb/v8-m.main+fp/hard/crti.o
 .ARM.attributes
                0x00000026       0x38 C:/Users/dokoe/AppData/Local/stm32cube/bundles/gnu-tools-for-stm32/13.3.1+st.9/bin/../lib/gcc/arm-none-eabi/13.3.1/thumb/v8-m.main+fp/hard/crtbegin.o
 .ARM.attributes
                0x0000005e       0x38 C:/Users/dokoe/AppData/Local/stm32cube/bundles/gnu-tools-for-stm32/13.3.1+st.9/bin/../lib/gcc/arm-none-eabi/13.3.1/../../../../arm-none-eabi/lib/thumb/v8-m.main+fp/hard\libc.a(libc_a-memset.o)
 .ARM.attributes
                0x00000096       0x38 C:/Users/dokoe/AppData/Local/stm32cube/bundles/gnu-tools-for-stm32/13.3.1+st.9/bin/../lib/gcc/arm-none-eabi/13.3.1/../../../../arm-none-eabi/lib/thumb/v8-m.main+fp/hard\libc.a(libc_a-init.o)
 .ARM.attributes
                0x000000ce       0x38 C:/Users/dokoe/AppData/Local/stm32cube/bundles/gnu-tools-for-stm32/13.3.1+st.9/bin/../lib/gcc/arm-none-eabi/13.3.1/../../../../arm-none-eabi/lib/thumb/v8-m.main+fp/hard\libc.a(libc_a-lock.o)
 .ARM.attributes
                0x00000106       0x38 C:/Users/dokoe/AppData/Local/stm32cube/bundles/gnu-tools-for-stm32/13.3.1+st.9/bin/../lib/gcc/arm-none-eabi/13.3.1/../../../../arm-none-eabi/lib/thumb/v8-m.main+fp/hard\libc.a(libc_a-__call_atexit.o)
 .ARM.attributes
                0x0000013e       0x38 C:/Users/dokoe/AppData/Local/stm32cube/bundles/gnu-tools-for-stm32/13.3.1+st.9/bin/../lib/gcc/arm-none-eabi/13.3.1/../../../../arm-none-eabi/lib/thumb/v8-m.main+fp/hard\libc.a(libc_a-atexit.o)
 .ARM.attributes
                0x00000176       0x38 C:/Users/dokoe/AppData/Local/stm32cube/bundles/gnu-tools-for-stm32/13.3.1+st.9/bin/../lib/gcc/arm-none-eabi/13.3.1/../../../../arm-none-eabi/lib/thumb/v8-m.main+fp/hard\libc.a(libc_a-fini.o)
 .ARM.attributes
                0x000001ae       0x38 C:/Users/dokoe/AppData/Local/stm32cube/bundles/gnu-tools-for-stm32/13.3.1+st.9/bin/../lib/gcc/arm-none-eabi/13.3.1/../../../../arm-none-eabi/lib/thumb/v8-m.main+fp/hard\libc.a(libc_a-__atexit.o)
 .ARM.attributes
                0x000001e6       0x3a CMakeFiles/template.dir/Src/main.c.obj
 .ARM.attributes
                0x00000220       0x3a CMakeFiles/template.dir/Src/system_stm32h5xx.c.obj
 .ARM.attributes
                0x0000025a       0x3a CMakeFiles/template.dir/Inc/plib/plibi_queue.c.obj
 .ARM.attributes
                0x00000294       0x3a CMakeFiles/template.dir/Inc/plib/plibi_serial.c.obj
 .ARM.attributes
                0x000002ce       0x3a CMakeFiles/template.dir/Inc/plib/plibi_board.c.obj
 .ARM.attributes
                0x00000308       0x3a CMakeFiles/template.dir/Inc/plib/plibi_main.c.obj
 .ARM.attributes
                0x00000342       0x24 CMakeFiles/template.dir/Src/startup_stm32h533xx.S.obj
 .ARM.attributes
                0x00000366       0x24 C:/Users/dokoe/AppData/Local/stm32cube/bundles/gnu-tools-for-stm32/13.3.1+st.9/bin/../lib/gcc/arm-none-eabi/13.3.1/../../../../arm-none-eabi/lib/thumb/v8-m.main+fp/hard\libg.a(libc_a-strlen.o)
 .ARM.attributes
                0x0000038a       0x26 C:/Users/dokoe/AppData/Local/stm32cube/bundles/gnu-tools-for-stm32/13.3.1+st.9/bin/../lib/gcc/arm-none-eabi/13.3.1/thumb/v8-m.main+fp/hard/crtn.o
OUTPUT(template.elf elf32-littlearm)
LOAD linker stubs
LOAD C:/Users/dokoe/AppData/Local/stm32cube/bundles/gnu-tools-for-stm32/13.3.1+st.9/bin/../lib/gcc/arm-none-eabi/13.3.1/../../../../arm-none-eabi/lib/thumb/v8-m.main+fp/hard\libc.a
LOAD C:/Users/dokoe/AppData/Local/stm32cube/bundles/gnu-tools-for-stm32/13.3.1+st.9/bin/../lib/gcc/arm-none-eabi/13.3.1/../../../../arm-none-eabi/lib/thumb/v8-m.main+fp/hard\libm.a
LOAD C:/Users/dokoe/AppData/Local/stm32cube/bundles/gnu-tools-for-stm32/13.3.1+st.9/bin/../lib/gcc/arm-none-eabi/13.3.1/thumb/v8-m.main+fp/hard\libgcc.a

.debug_frame    0x00000000      0xc58
 .debug_frame   0x00000000       0x20 C:/Users/dokoe/AppData/Local/stm32cube/bundles/gnu-tools-for-stm32/13.3.1+st.9/bin/../lib/gcc/arm-none-eabi/13.3.1/../../../../arm-none-eabi/lib/thumb/v8-m.main+fp/hard\libc.a(libc_a-memset.o)
 .debug_frame   0x00000020       0x2c C:/Users/dokoe/AppData/Local/stm32cube/bundles/gnu-tools-for-stm32/13.3.1+st.9/bin/../lib/gcc/arm-none-eabi/13.3.1/../../../../arm-none-eabi/lib/thumb/v8-m.main+fp/hard\libc.a(libc_a-init.o)
 .debug_frame   0x0000004c       0xb0 C:/Users/dokoe/AppData/Local/stm32cube/bundles/gnu-tools-for-stm32/13.3.1+st.9/bin/../lib/gcc/arm-none-eabi/13.3.1/../../../../arm-none-eabi/lib/thumb/v8-m.main+fp/hard\libc.a(libc_a-lock.o)
 .debug_frame   0x000000fc       0x58 C:/Users/dokoe/AppData/Local/stm32cube/bundles/gnu-tools-for-stm32/13.3.1+st.9/bin/../lib/gcc/arm-none-eabi/13.3.1/../../../../arm-none-eabi/lib/thumb/v8-m.main+fp/hard\libc.a(libc_a-__call_atexit.o)
 .debug_frame   0x00000154       0x20 C:/Users/dokoe/AppData/Local/stm32cube/bundles/gnu-tools-for-stm32/13.3.1+st.9/bin/../lib/gcc/arm-none-eabi/13.3.1/../../../../arm-none-eabi/lib/thumb/v8-m.main+fp/hard\libc.a(libc_a-atexit.o)
 .debug_frame   0x00000174       0x38 C:/Users/dokoe/AppData/Local/stm32cube/bundles/gnu-tools-for-stm32/13.3.1+st.9/bin/../lib/gcc/arm-none-eabi/13.3.1/../../../../arm-none-eabi/lib/thumb/v8-m.main+fp/hard\libc.a(libc_a-fini.o)
 .debug_frame   0x000001ac       0x34 C:/Users/dokoe/AppData/Local/stm32cube/bundles/gnu-tools-for-stm32/13.3.1+st.9/bin/../lib/gcc/arm-none-eabi/13.3.1/../../../../arm-none-eabi/lib/thumb/v8-m.main+fp/hard\libc.a(libc_a-__atexit.o)
 .debug_frame   0x000001e0       0x50 CMakeFiles/template.dir/Src/main.c.obj
 .debug_frame   0x00000230       0x60 CMakeFiles/template.dir/Src/system_stm32h5xx.c.obj
 .debug_frame   0x00000290      0x11c CMakeFiles/template.dir/Inc/plib/plibi_queue.c.obj
 .debug_frame   0x000003ac      0x184 CMakeFiles/template.dir/Inc/plib/plibi_serial.c.obj
 .debug_frame   0x00000530      0x2a8 CMakeFiles/template.dir/Inc/plib/plibi_board.c.obj
 .debug_frame   0x000007d8      0x480 CMakeFiles/template.dir/Inc/plib/plibi_main.c.obj

.debug_info     0x00000000     0x45d6
 .debug_info    0x00000000      0x174 CMakeFiles/template.dir/Src/main.c.obj
 .debug_info    0x00000174      0xce0 CMakeFiles/template.dir/Src/system_stm32h5xx.c.obj
 .debug_info    0x00000e54      0x253 CMakeFiles/template.dir/Inc/plib/plibi_queue.c.obj
 .debug_info    0x000010a7     0x10dd CMakeFiles/template.dir/Inc/plib/plibi_serial.c.obj
 .debug_info    0x00002184     0x18f7 CMakeFiles/template.dir/Inc/plib/plibi_board.c.obj
 .debug_info    0x00003a7b      0xafa CMakeFiles/template.dir/Inc/plib/plibi_main.c.obj
 .debug_info    0x00004575       0x30 CMakeFiles/template.dir/Src/startup_stm32h533xx.S.obj
 .debug_info    0x000045a5       0x31 C:/Users/dokoe/AppData/Local/stm32cube/bundles/gnu-tools-for-stm32/13.3.1+st.9/bin/../lib/gcc/arm-none-eabi/13.3.1/../../../../arm-none-eabi/lib/thumb/v8-m.main+fp/hard\libg.a(libc_a-strlen.o)

.debug_abbrev   0x00000000      0xc99
 .debug_abbrev  0x00000000      0x108 CMakeFiles/template.dir/Src/main.c.obj
 .debug_abbrev  0x00000108      0x13a CMakeFiles/template.dir/Src/system_stm32h5xx.c.obj
 .debug_abbrev  0x00000242      0x157 CMakeFiles/template.dir/Inc/plib/plibi_queue.c.obj
 .debug_abbrev  0x00000399      0x273 CMakeFiles/template.dir/Inc/plib/plibi_serial.c.obj
 .debug_abbrev  0x0000060c      0x30c CMakeFiles/template.dir/Inc/plib/plibi_board.c.obj
 .debug_abbrev  0x00000918      0x335 CMakeFiles/template.dir/Inc/plib/plibi_main.c.obj
 .debug_abbrev  0x00000c4d       0x24 CMakeFiles/template.dir/Src/startup_stm32h533xx.S.obj
 .debug_abbrev  0x00000c71       0x28 C:/Users/dokoe/AppData/Local/stm32cube/bundles/gnu-tools-for-stm32/13.3.1+st.9/bin/../lib/gcc/arm-none-eabi/13.3.1/../../../../arm-none-eabi/lib/thumb/v8-m.main+fp/hard\libg.a(libc_a-strlen.o)

.debug_aranges  0x00000000      0x308
 .debug_aranges
                0x00000000       0x28 CMakeFiles/template.dir/Src/main.c.obj
 .debug_aranges
                0x00000028       0x28 CMakeFiles/template.dir/Src/system_stm32h5xx.c.obj
 .debug_aranges
                0x00000050       0x50 CMakeFiles/template.dir/Inc/plib/plibi_queue.c.obj
 .debug_aranges
                0x000000a0       0x68 CMakeFiles/template.dir/Inc/plib/plibi_serial.c.obj
 .debug_aranges
                0x00000108       0xa8 CMakeFiles/template.dir/Inc/plib/plibi_board.c.obj
 .debug_aranges
                0x000001b0      0x110 CMakeFiles/template.dir/Inc/plib/plibi_main.c.obj
 .debug_aranges
                0x000002c0       0x28 CMakeFiles/template.dir/Src/startup_stm32h533xx.S.obj
 .debug_aranges
                0x000002e8       0x20 C:/Users/dokoe/AppData/Local/stm32cube/bundles/gnu-tools-for-stm32/13.3.1+st.9/bin/../lib/gcc/arm-none-eabi/13.3.1/../../../../arm-none-eabi/lib/thumb/v8-m.main+fp/hard\libg.a(libc_a-strlen.o)

.debug_rnglists
                0x00000000      0x229
 .debug_rnglists
                0x00000000       0x19 CMakeFiles/template.dir/Src/main.c.obj
 .debug_rnglists
                0x00000019       0x1b CMakeFiles/template.dir/Src/system_stm32h5xx.c.obj
 .debug_rnglists
                0x00000034       0x37 CMakeFiles/template.dir/Inc/plib/plibi_queue.c.obj
 .debug_rnglists
                0x0000006b       0x4b CMakeFiles/template.dir/Inc/plib/plibi_serial.c.obj
 .debug_rnglists
                0x000000b6       0x7e CMakeFiles/template.dir/Inc/plib/plibi_board.c.obj
 .debug_rnglists
                0x00000134       0xdc CMakeFiles/template.dir/Inc/plib/plibi_main.c.obj
 .debug_rnglists
                0x00000210       0x19 CMakeFiles/template.dir/Src/startup_stm32h533xx.S.obj

.debug_macro    0x00000000    0x1ff89
 .debug_macro   0x00000000       0xdb CMakeFiles/template.dir/Src/main.c.obj
 .debug_macro   0x000000db      0xad8 CMakeFiles/template.dir/Src/main.c.obj
 .debug_macro   0x00000bb3       0x22 CMakeFiles/template.dir/Src/main.c.obj
 .debug_macro   0x00000bd5       0x8e CMakeFiles/template.dir/Src/main.c.obj
 .debug_macro   0x00000c63       0x51 CMakeFiles/template.dir/Src/main.c.obj
 .debug_macro   0x00000cb4      0x103 CMakeFiles/template.dir/Src/main.c.obj
 .debug_macro   0x00000db7       0x6a CMakeFiles/template.dir/Src/main.c.obj
 .debug_macro   0x00000e21      0x1df CMakeFiles/template.dir/Src/main.c.obj
 .debug_macro   0x00001000       0x22 CMakeFiles/template.dir/Src/main.c.obj
 .debug_macro   0x00001022       0x42 CMakeFiles/template.dir/Src/main.c.obj
 .debug_macro   0x00001064       0x1c CMakeFiles/template.dir/Src/main.c.obj
 .debug_macro   0x00001080       0x29 CMakeFiles/template.dir/Src/main.c.obj
 .debug_macro   0x000010a9       0xfb CMakeFiles/template.dir/Src/main.c.obj
 .debug_macro   0x000011a4     0x1685 CMakeFiles/template.dir/Src/main.c.obj
 .debug_macro   0x00002829       0x5e CMakeFiles/template.dir/Src/main.c.obj
 .debug_macro   0x00002887    0x1c059 CMakeFiles/template.dir/Src/main.c.obj
 .debug_macro   0x0001e8e0       0x2e CMakeFiles/template.dir/Src/main.c.obj
 .debug_macro   0x0001e90e      0x18a CMakeFiles/template.dir/Src/system_stm32h5xx.c.obj
 .debug_macro   0x0001ea98       0x6e CMakeFiles/template.dir/Src/system_stm32h5xx.c.obj
 .debug_macro   0x0001eb06       0x2a CMakeFiles/template.dir/Src/system_stm32h5xx.c.obj
 .debug_macro   0x0001eb30       0x94 CMakeFiles/template.dir/Src/system_stm32h5xx.c.obj
 .debug_macro   0x0001ebc4       0x3c CMakeFiles/template.dir/Src/system_stm32h5xx.c.obj
 .debug_macro   0x0001ec00       0x34 CMakeFiles/template.dir/Src/system_stm32h5xx.c.obj
 .debug_macro   0x0001ec34      0x190 CMakeFiles/template.dir/Src/system_stm32h5xx.c.obj
 .debug_macro   0x0001edc4       0x57 CMakeFiles/template.dir/Src/system_stm32h5xx.c.obj
 .debug_macro   0x0001ee1b      0x370 CMakeFiles/template.dir/Src/system_stm32h5xx.c.obj
 .debug_macro   0x0001f18b       0x16 CMakeFiles/template.dir/Src/system_stm32h5xx.c.obj
 .debug_macro   0x0001f1a1       0x4a CMakeFiles/template.dir/Src/system_stm32h5xx.c.obj
 .debug_macro   0x0001f1eb       0x34 CMakeFiles/template.dir/Src/system_stm32h5xx.c.obj
 .debug_macro   0x0001f21f       0x10 CMakeFiles/template.dir/Src/system_stm32h5xx.c.obj
 .debug_macro   0x0001f22f       0x58 CMakeFiles/template.dir/Src/system_stm32h5xx.c.obj
 .debug_macro   0x0001f287      0x1e5 CMakeFiles/template.dir/Src/system_stm32h5xx.c.obj
 .debug_macro   0x0001f46c      0x19b CMakeFiles/template.dir/Src/system_stm32h5xx.c.obj
 .debug_macro   0x0001f607       0x2e CMakeFiles/template.dir/Src/system_stm32h5xx.c.obj
 .debug_macro   0x0001f635       0x6d CMakeFiles/template.dir/Src/system_stm32h5xx.c.obj
 .debug_macro   0x0001f6a2       0x76 CMakeFiles/template.dir/Inc/plib/plibi_queue.c.obj
 .debug_macro   0x0001f718      0x1be CMakeFiles/template.dir/Inc/plib/plibi_serial.c.obj
 .debug_macro   0x0001f8d6       0x74 CMakeFiles/template.dir/Inc/plib/plibi_serial.c.obj
 .debug_macro   0x0001f94a       0x10 CMakeFiles/template.dir/Inc/plib/plibi_serial.c.obj
 .debug_macro   0x0001f95a      0x195 CMakeFiles/template.dir/Inc/plib/plibi_board.c.obj
 .debug_macro   0x0001faef      0x24e CMakeFiles/template.dir/Inc/plib/plibi_board.c.obj
 .debug_macro   0x0001fd3d      0x1e0 CMakeFiles/template.dir/Inc/plib/plibi_main.c.obj
 .debug_macro   0x0001ff1d       0x10 CMakeFiles/template.dir/Inc/plib/plibi_main.c.obj
 .debug_macro   0x0001ff2d       0x3c CMakeFiles/template.dir/Inc/plib/plibi_main.c.obj
 .debug_macro   0x0001ff69       0x20 CMakeFiles/template.dir/Inc/plib/plibi_main.c.obj

.debug_line     0x00000000     0x3245
 .debug_line    0x00000000      0x57f CMakeFiles/template.dir/Src/main.c.obj
 .debug_line    0x0000057f      0x6e3 CMakeFiles/template.dir/Src/system_stm32h5xx.c.obj
 .debug_line    0x00000c62      0x4df CMakeFiles/template.dir/Inc/plib/plibi_queue.c.obj
 .debug_line    0x00001141      0x7ca CMakeFiles/template.dir/Inc/plib/plibi_serial.c.obj
 .debug_line    0x0000190b      0xa4b CMakeFiles/template.dir/Inc/plib/plibi_board.c.obj
 .debug_line    0x00002356      0xe25 CMakeFiles/template.dir/Inc/plib/plibi_main.c.obj
 .debug_line    0x0000317b       0x7b CMakeFiles/template.dir/Src/startup_stm32h533xx.S.obj
 .debug_line    0x000031f6       0x4f C:/Users/dokoe/AppData/Local/stm32cube/bundles/gnu-tools-for-stm32/13.3.1+st.9/bin/../lib/gcc/arm-none-eabi/13.3.1/../../../../arm-none-eabi/lib/thumb/v8-m.main+fp/hard\libg.a(libc_a-strlen.o)

.debug_str      0x00000000    0xb9687
 .debug_str     0x00000000    0xb9687 CMakeFiles/template.dir/Src/main.c.obj
                              0xb2d46 (size before relaxing)
 .debug_str     0x000b9687        0x0 CMakeFiles/template.dir/Src/system_stm32h5xx.c.obj
                              0xb705f (size before relaxing)
 .debug_str     0x000b9687        0x0 CMakeFiles/template.dir/Inc/plib/plibi_queue.c.obj
                               0x3f7b (size before relaxing)
 .debug_str     0x000b9687        0x0 CMakeFiles/template.dir/Inc/plib/plibi_serial.c.obj
                              0xb7765 (size before relaxing)
 .debug_str     0x000b9687        0x0 CMakeFiles/template.dir/Inc/plib/plibi_board.c.obj
                              0xb8eef (size before relaxing)
 .debug_str     0x000b9687        0x0 CMakeFiles/template.dir/Inc/plib/plibi_main.c.obj
                              0xb6f7c (size before relaxing)
 .debug_str     0x000b9687        0x0 CMakeFiles/template.dir/Src/startup_stm32h533xx.S.obj
                                 0xec (size before relaxing)
 .debug_str     0x000b9687        0x0 C:/Users/dokoe/AppData/Local/stm32cube/bundles/gnu-tools-for-stm32/13.3.1+st.9/bin/../lib/gcc/arm-none-eabi/13.3.1/../../../../arm-none-eabi/lib/thumb/v8-m.main+fp/hard\libg.a(libc_a-strlen.o)
                                 0xf2 (size before relaxing)

.comment        0x00000000       0x43
 .comment       0x00000000       0x43 CMakeFiles/template.dir/Src/main.c.obj
                                 0x44 (size before relaxing)
 .comment       0x00000043        0x0 CMakeFiles/template.dir/Src/system_stm32h5xx.c.obj
                                 0x44 (size before relaxing)
 .comment       0x00000043        0x0 CMakeFiles/template.dir/Inc/plib/plibi_queue.c.obj
                                 0x44 (size before relaxing)
 .comment       0x00000043        0x0 CMakeFiles/template.dir/Inc/plib/plibi_serial.c.obj
                                 0x44 (size before relaxing)
 .comment       0x00000043        0x0 CMakeFiles/template.dir/Inc/plib/plibi_board.c.obj
                                 0x44 (size before relaxing)
 .comment       0x00000043        0x0 CMakeFiles/template.dir/Inc/plib/plibi_main.c.obj
                                 0x44 (size before relaxing)

.debug_line_str
                0x00000000      0x1ad
 .debug_line_str
                0x00000000      0x1ad CMakeFiles/template.dir/Src/startup_stm32h533xx.S.obj
                                 0xd0 (size before relaxing)
 .debug_line_str
                0x000001ad        0x0 C:/Users/dokoe/AppData/Local/stm32cube/bundles/gnu-tools-for-stm32/13.3.1+st.9/bin/../lib/gcc/arm-none-eabi/13.3.1/../../../../arm-none-eabi/lib/thumb/v8-m.main+fp/hard\libg.a(libc_a-strlen.o)
                                 0xdd (size before relaxing)
